# 5d piece 1 — the Mac harness, RUN 6 (2026-09-30), on the committed code (3ca7617): the AC-342 pair with run 5.
# Same command, machine and sentences as runs 1-4; INSTRUMENTS §73 reads this pair.

Building for production...
Build complete! (1.86 sec)
voice: Kokoro-82M · float16 · phrases ≤ 120 chars

🧪 THE SCRIPTED PERSON — Fixtures/ryad-en.wav, 22 sentences, 20 turns, interrupting at [7, 14]
    hangover 300 ms · gate 500 ms · window 600 ms · vad 0.02

🗣  sentence 1/20 (1380 ms of audio)
   · turn 0 listening
   · turn 0 thinking
   · turn 0 speaking
⏱  turn 0: ① 300 · ② 580 · ③ 502 · ④ 274 · ⑤ 1005  →  felt 2661 ms
   · turn 0 completed
   · turn 0 idle
⏸  reply pauses: 2 over 300 ms · longest 889 ms
🗣  sentence 2/20 (2460 ms of audio)
   · turn 1 listening
   · turn 1 thinking
   · turn 1 speaking
⏱  turn 1: ① 300 · ② 141 · ③ 502 · ④ 586 · ⑤ 329  →  felt 1858 ms
   · turn 1 completed
   · turn 1 idle
⏸  reply pauses: 1 over 300 ms · longest 775 ms
🗣  sentence 3/20 (1120 ms of audio)
   · turn 2 listening
   · turn 2 thinking
   · turn 2 speaking
⏱  turn 2: ① 300 · ② 129 · ③ 505 · ④ 515 · ⑤ 287  →  felt 1735 ms
   · turn 2 completed
   · turn 2 idle
⏸  reply pauses: 1 over 300 ms · longest 803 ms
🗣  sentence 4/20 (1180 ms of audio)
   · turn 3 listening
   · turn 3 thinking
   · turn 3 speaking
⏱  turn 3: ① 300 · ② 138 · ③ 509 · ④ 1215 · ⑤ 355  →  felt 2518 ms
   · turn 3 completed
   · turn 3 idle
⏸  reply pauses: 1 over 300 ms · longest 807 ms
🗣  sentence 5/20 (1440 ms of audio)
   · turn 4 listening
   · turn 4 thinking
   · turn 4 speaking
⏱  turn 4: ① 300 · ② 151 · ③ 508 · ④ 704 · ⑤ 282  →  felt 1946 ms
   · turn 4 completed
   · turn 4 idle
⏸  reply pauses: 2 over 300 ms · longest 805 ms
🗣  sentence 6/20 (2260 ms of audio)
   · turn 5 listening
   · turn 5 thinking
   · turn 5 speaking
⏱  turn 5: ① 300 · ② 112 · ③ 503 · ④ 824 · ⑤ 284  →  felt 2023 ms
🗣  sentence 7/20 (2460 ms of audio) — OVER the answer
   · turn 5 BARGED
✋ barge (turn 5 dies): ⑦ window 600 · ⑧ silence 0  →  600 ms from your first sound
   · turn 6 listening
⏸  reply pauses: 1 over 300 ms · longest 780 ms
   · turn 6 thinking
   · turn 6 speaking
⏱  turn 6: ① 300 · ② 150 · ③ 503 · ④ 845 · ⑤ 274  →  felt 2071 ms
   · turn 6 completed
   · turn 6 idle
⏸  reply pauses: 1 over 300 ms · longest 807 ms
🗣  sentence 8/20 (1740 ms of audio)
   · turn 7 listening
   · turn 7 thinking
   · turn 7 speaking
⏱  turn 7: ① 300 · ② 1578 · ③ 502 · ④ 731 · ⑤ 271  →  felt 3382 ms
   · turn 7 completed
   · turn 7 idle
⏸  reply pauses: 1 over 300 ms · longest 805 ms
🗣  sentence 9/20 (1760 ms of audio)
   · turn 8 listening
   · turn 8 thinking
   · turn 8 speaking
⏱  turn 8: ① 300 · ② 152 · ③ 506 · ④ 822 · ⑤ 307  →  felt 2087 ms
   · turn 8 completed
   · turn 8 idle
⏸  reply pauses: 1 over 300 ms · longest 805 ms
🗣  sentence 10/20 (4880 ms of audio)
   · turn 9 listening
   · turn 9 thinking
   · turn 9 speaking
⏱  turn 9: ① 300 · ② 191 · ③ 504 · ④ 836 · ⑤ 268  →  felt 2100 ms
   · turn 9 completed
   · turn 9 idle
⏸  reply pauses: 1 over 300 ms · longest 805 ms
🗣  sentence 11/20 (1540 ms of audio)
   · turn 10 listening
   · turn 10 thinking
   · turn 10 speaking
⏱  turn 10: ① 300 · ② 117 · ③ 508 · ④ 832 · ⑤ 274  →  felt 2030 ms
   · turn 10 completed
   · turn 10 idle
⏸  reply pauses: 1 over 300 ms · longest 780 ms
🗣  sentence 12/20 (1220 ms of audio)
   · turn 11 listening
   · turn 11 thinking
   · turn 11 speaking
⏱  turn 11: ① 300 · ② 128 · ③ 507 · ④ 807 · ⑤ 277  →  felt 2019 ms
   · turn 11 completed
   · turn 11 idle
⏸  reply pauses: 1 over 300 ms · longest 788 ms
🗣  sentence 13/20 (980 ms of audio)
   · turn 12 listening
   · turn 12 idle
🗣  sentence 14/20 (2260 ms of audio) — OVER the answer
   · turn 13 listening
   · turn 13 thinking
   · turn 13 speaking
⏱  turn 13: ① 300 · ② 138 · ③ 503 · ④ 838 · ⑤ 311  →  felt 2089 ms
   · turn 13 completed
   · turn 13 idle
⏸  reply pauses: 1 over 300 ms · longest 805 ms
🗣  sentence 15/20 (1480 ms of audio)
   · turn 14 listening
   · turn 14 idle
🗣  sentence 16/20 (1320 ms of audio)
   · turn 15 listening
   · turn 15 thinking
   · turn 15 speaking
⏱  turn 15: ① 300 · ② 1505 · ③ 506 · ④ 831 · ⑤ 333  →  felt 3474 ms
   · turn 15 completed
   · turn 15 idle
⏸  reply pauses: 1 over 300 ms · longest 788 ms
🗣  sentence 17/20 (2240 ms of audio)
   · turn 16 listening
   · turn 16 thinking
   · turn 16 speaking
⏱  turn 16: ① 300 · ② 161 · ③ 503 · ④ 739 · ⑤ 317  →  felt 2020 ms
   · turn 16 completed
   · turn 16 idle
⏸  reply pauses: 1 over 300 ms · longest 809 ms
🗣  sentence 18/20 (920 ms of audio)
   · turn 17 listening
   · turn 17 idle
🗣  sentence 19/20 (1120 ms of audio)
   · turn 18 listening
   · turn 18 thinking
   · turn 18 speaking
⏱  turn 18: ① 300 · ② 137 · ③ 501 · ④ 720 · ⑤ 267  →  felt 1925 ms
   · turn 18 completed
   · turn 18 idle
⏸  reply pauses: 1 over 300 ms · longest 782 ms
🗣  sentence 20/20 (4480 ms of audio)
   · turn 19 listening
   · turn 19 thinking
   · turn 19 speaking
⏱  turn 19: ① 300 · ② 121 · ③ 500 · ④ 834 · ⑤ 274  →  felt 2030 ms
   · turn 19 completed
   · turn 19 idle
⏸  reply pauses: 1 over 300 ms · longest 789 ms

(the runtime is down — teardown ran in order)

════ THE TURN TIMELINE — 17 spoken turns, 1 barges ════
  ① silence wait     300 ms (the app's hangover, every turn)
  ② ear finish   median 141 ms · min 112 · max 1578 · n 17
  ③ reply gate   median 503 ms · min 500 · max 509 · n 17
  ④ first token  median 822 ms · min 274 · max 1215 · n 17
  ⑤ first sound  median 284 ms · min 267 · max 1005 · n 17
     FELT PAUSE   median 2030 ms · min 1735 · max 3474 · n 17
  ⑦ barge window  median 600 ms · min 600 · max 600 · n 1
  ⑧ to silence   median 0 ms · min 0 · max 0 · n 1
  ⑥ pauses inside answers: 19 over 300 ms in 17 replies · replies with one or more: 17
  ⑥ longest pause  median 805 ms · min 775 · max 889 · n 17
exit: 0
