voice: Kokoro-82M · float16 · phrases ≤ 120 chars, opening at 20 and 40 · quiet trimmed (margin 40 ms)

🧪 THE SCRIPTED PERSON — Fixtures/ryad-en.wav, 22 sentences, 20 turns, interrupting at [7, 14]
    hangover 300 ms · gate 500 ms · window 600 ms · vad 0.02

🗣  sentence 1/20 (1380 ms of audio)
   · turn 0 listening
   · turn 0 thinking
   · turn 0 speaking
⏱  turn 0: ① 300 · ② 355 · ③ 501 · ④ 257 · ⑤ 896  →  felt 2308 ms
   · turn 0 completed
   · turn 0 idle
⏸  reply pauses: 0 over 300 ms · longest 185 ms · quiet before the first word 40 ms
🗣  sentence 2/20 (2460 ms of audio)
   · turn 1 listening
   · turn 1 thinking
   · turn 1 speaking
⏱  turn 1: ① 300 · ② 144 · ③ 509 · ④ 704 · ⑤ 289  →  felt 1946 ms
   · turn 1 completed
   · turn 1 idle
⏸  reply pauses: 0 over 300 ms · longest 185 ms · quiet before the first word 40 ms
🗣  sentence 3/20 (1120 ms of audio)
   · turn 2 listening
   · turn 2 thinking
   · turn 2 speaking
⏱  turn 2: ① 300 · ② 126 · ③ 502 · ④ 507 · ⑤ 258  →  felt 1693 ms
   · turn 2 completed
   · turn 2 idle
⏸  reply pauses: 0 over 300 ms · longest 185 ms · quiet before the first word 40 ms
🗣  sentence 4/20 (1180 ms of audio)
   · turn 3 listening
   · turn 3 thinking
   · turn 3 speaking
⏱  turn 3: ① 300 · ② 107 · ③ 503 · ④ 588 · ⑤ 259  →  felt 1757 ms
   · turn 3 completed
   · turn 3 idle
⏸  reply pauses: 0 over 300 ms · longest 185 ms · quiet before the first word 40 ms
🗣  sentence 5/20 (1440 ms of audio)
   · turn 4 listening
   · turn 4 thinking
   · turn 4 speaking
⏱  turn 4: ① 300 · ② 139 · ③ 502 · ④ 708 · ⑤ 261  →  felt 1911 ms
   · turn 4 completed
   · turn 4 idle
⏸  reply pauses: 0 over 300 ms · longest 185 ms · quiet before the first word 40 ms
🗣  sentence 6/20 (2260 ms of audio)
   · turn 5 listening
   · turn 5 thinking
   · turn 5 speaking
⏱  turn 5: ① 300 · ② 147 · ③ 503 · ④ 817 · ⑤ 259  →  felt 2027 ms
🗣  sentence 7/20 (2460 ms of audio) — OVER the answer
   · turn 5 BARGED
✋ barge (turn 5 dies): ⑦ window 600 · ⑧ silence 0  →  600 ms from your first sound
   · turn 6 listening
⏸  reply pauses: 0 over 300 ms · longest 185 ms · quiet before the first word 40 ms
   · turn 6 thinking
   · turn 6 speaking
⏱  turn 6: ① 300 · ② 166 · ③ 507 · ④ 920 · ⑤ 256  →  felt 2148 ms
   · turn 6 completed
   · turn 6 idle
⏸  reply pauses: 0 over 300 ms · longest 185 ms · quiet before the first word 40 ms
🗣  sentence 8/20 (1740 ms of audio)
   · turn 7 listening
   · turn 7 thinking
   · turn 7 speaking
⏱  turn 7: ① 300 · ② 241 · ③ 508 · ④ 807 · ⑤ 261  →  felt 2117 ms
   · turn 7 completed
   · turn 7 idle
⏸  reply pauses: 0 over 300 ms · longest 185 ms · quiet before the first word 40 ms
🗣  sentence 9/20 (1760 ms of audio)
   · turn 8 listening
   · turn 8 thinking
   · turn 8 speaking
⏱  turn 8: ① 300 · ② 147 · ③ 508 · ④ 704 · ⑤ 255  →  felt 1915 ms
   · turn 8 completed
   · turn 8 idle
⏸  reply pauses: 0 over 300 ms · longest 185 ms · quiet before the first word 40 ms
🗣  sentence 10/20 (4880 ms of audio)
   · turn 9 listening
   · turn 9 thinking
   · turn 9 speaking
⏱  turn 9: ① 300 · ② 182 · ③ 506 · ④ 827 · ⑤ 263  →  felt 2077 ms
   · turn 9 completed
   · turn 9 idle
⏸  reply pauses: 0 over 300 ms · longest 185 ms · quiet before the first word 40 ms
🗣  sentence 11/20 (1540 ms of audio)
   · turn 10 listening
   · turn 10 thinking
   · turn 10 speaking
⏱  turn 10: ① 300 · ② 107 · ③ 501 · ④ 809 · ⑤ 283  →  felt 1999 ms
   · turn 10 completed
   · turn 10 idle
⏸  reply pauses: 0 over 300 ms · longest 185 ms · quiet before the first word 40 ms
🗣  sentence 12/20 (1220 ms of audio)
   · turn 11 listening
   · turn 11 thinking
   · turn 11 speaking
⏱  turn 11: ① 300 · ② 107 · ③ 502 · ④ 825 · ⑤ 261  →  felt 1996 ms
   · turn 11 completed
   · turn 11 idle
⏸  reply pauses: 0 over 300 ms · longest 185 ms · quiet before the first word 40 ms
🗣  sentence 13/20 (980 ms of audio)
   · turn 12 listening
   · turn 12 idle
🗣  sentence 14/20 (2260 ms of audio) — OVER the answer
   · turn 13 listening
   · turn 13 thinking
⏱  turn 13: ① 300 · ② 168 · ③ 501 · ④ 807 · ⑤ 274  →  felt 2050 ms
   · turn 13 speaking
   · turn 13 completed
   · turn 13 idle
⏸  reply pauses: 0 over 300 ms · longest 185 ms · quiet before the first word 40 ms
🗣  sentence 15/20 (1480 ms of audio)
   · turn 14 listening
   · turn 14 idle
🗣  sentence 16/20 (1320 ms of audio)
   · turn 15 listening
   · turn 15 thinking
   · turn 15 speaking
⏱  turn 15: ① 300 · ② 371 · ③ 502 · ④ 692 · ⑤ 262  →  felt 2128 ms
   · turn 15 completed
   · turn 15 idle
⏸  reply pauses: 0 over 300 ms · longest 185 ms · quiet before the first word 40 ms
🗣  sentence 17/20 (2240 ms of audio)
   · turn 16 listening
   · turn 16 thinking
⏱  turn 16: ① 300 · ② 170 · ③ 502 · ④ 720 · ⑤ 262  →  felt 1953 ms
   · turn 16 speaking
   · turn 16 completed
   · turn 16 idle
⏸  reply pauses: 0 over 300 ms · longest 185 ms · quiet before the first word 40 ms
🗣  sentence 18/20 (920 ms of audio)
   · turn 17 listening
   · turn 17 idle
🗣  sentence 19/20 (1120 ms of audio)
   · turn 18 listening
   · turn 18 thinking
⏱  turn 18: ① 300 · ② 155 · ③ 503 · ④ 814 · ⑤ 263  →  felt 2034 ms
   · turn 18 speaking
   · turn 18 completed
   · turn 18 idle
⏸  reply pauses: 0 over 300 ms · longest 185 ms · quiet before the first word 40 ms
🗣  sentence 20/20 (4480 ms of audio)
   · turn 19 listening
   · turn 19 thinking
   · turn 19 speaking
⏱  turn 19: ① 300 · ② 133 · ③ 502 · ④ 821 · ⑤ 308  →  felt 2063 ms
   · turn 19 completed
   · turn 19 idle
⏸  reply pauses: 0 over 300 ms · longest 185 ms · quiet before the first word 40 ms

(the runtime is down — teardown ran in order)

════ THE TURN TIMELINE — 17 spoken turns, 1 barges ════
  ① silence wait     300 ms (the app's hangover, every turn)
  ② ear finish   median 147 ms · min 107 · max 371 · n 17
  ③ reply gate   median 502 ms · min 501 · max 509 · n 17
  ④ first token  median 807 ms · min 257 · max 920 · n 17
  ⑤ first sound  median 262 ms · min 255 · max 896 · n 17
     FELT PAUSE   median 2027 ms · min 1693 · max 2308 · n 17
     quiet before the 1st word  median 40 ms · min 40 · max 40 · n 17
     FELT, TO THE FIRST WORD  median 2067 ms · min 1733 · max 2348 · n 17
  ⑦ barge window  median 600 ms · min 600 · max 600 · n 1
  ⑧ to silence   median 0 ms · min 0 · max 0 · n 1
  ⑥ pauses inside answers: 0 over 300 ms in 17 replies · replies with one or more: 0
  ⑥ longest pause  median 185 ms · min 185 · max 185 · n 17
