voice: Kokoro-82M · float16 · phrases ≤ 120 chars, opening at 20 and 40 · quiet trimmed (margin 40 ms)

🧪 THE SCRIPTED PERSON — Fixtures/ryad-en.wav, 22 sentences, 20 turns, interrupting at [7, 14]
    hangover 300 ms · gate 500 ms · window 600 ms · vad 0.02

🗣  sentence 1/20 (1380 ms of audio)
   · turn 0 listening
   · turn 0 thinking
   · turn 0 speaking
⏱  turn 0: ① 300 · ② 10696 · ③ 501 · ④ 425 · ⑤ 842  →  felt 12764 ms
   · turn 0 completed
   · turn 0 idle
⏸  reply pauses: 0 over 300 ms · longest 185 ms · quiet before the first word 40 ms
🗣  sentence 2/20 (2460 ms of audio)
   · turn 1 listening
   · turn 1 thinking
   · turn 1 speaking
⏱  turn 1: ① 300 · ② 182 · ③ 504 · ④ 402 · ⑤ 291  →  felt 1679 ms
   · turn 1 completed
   · turn 1 idle
⏸  reply pauses: 0 over 300 ms · longest 185 ms · quiet before the first word 40 ms
🗣  sentence 3/20 (1120 ms of audio)
   · turn 2 listening
   · turn 2 thinking
   · turn 2 speaking
⏱  turn 2: ① 300 · ② 150 · ③ 503 · ④ 503 · ⑤ 246  →  felt 1703 ms
   · turn 2 completed
   · turn 2 idle
⏸  reply pauses: 0 over 300 ms · longest 185 ms · quiet before the first word 40 ms
🗣  sentence 4/20 (1180 ms of audio)
   · turn 3 listening
   · turn 3 thinking
   · turn 3 speaking
⏱  turn 3: ① 300 · ② 119 · ③ 501 · ④ 603 · ⑤ 308  →  felt 1831 ms
   · turn 3 completed
   · turn 3 idle
⏸  reply pauses: 0 over 300 ms · longest 185 ms · quiet before the first word 40 ms
🗣  sentence 5/20 (1440 ms of audio)
   · turn 4 listening
   · turn 4 thinking
   · turn 4 speaking
⏱  turn 4: ① 300 · ② 136 · ③ 501 · ④ 716 · ⑤ 312  →  felt 1965 ms
   · turn 4 completed
   · turn 4 idle
⏸  reply pauses: 0 over 300 ms · longest 116 ms · quiet before the first word 40 ms
🗣  sentence 6/20 (2260 ms of audio)
   · turn 5 listening
   · turn 5 thinking
   · turn 5 speaking
⏱  turn 5: ① 300 · ② 166 · ③ 505 · ④ 1094 · ⑤ 372  →  felt 2436 ms
🗣  sentence 7/20 (2460 ms of audio) — OVER the answer
   · turn 5 BARGED
   · turn 6 listening
✋ barge (turn 5 dies): ⑦ window 600 · ⑧ silence 0  →  600 ms from your first sound
⏸  reply pauses: 0 over 300 ms · longest 80 ms · quiet before the first word 40 ms
   · turn 6 thinking
   · turn 6 speaking
⏱  turn 6: ① 300 · ② 154 · ③ 506 · ④ 931 · ⑤ 271  →  felt 2162 ms
   · turn 6 completed
   · turn 6 idle
⏸  reply pauses: 0 over 300 ms · longest 185 ms · quiet before the first word 40 ms
🗣  sentence 8/20 (1740 ms of audio)
   · turn 7 listening
   · turn 7 thinking
   · turn 7 speaking
⏱  turn 7: ① 300 · ② 347 · ③ 502 · ④ 905 · ⑤ 270  →  felt 2325 ms
   · turn 7 completed
   · turn 7 idle
⏸  reply pauses: 0 over 300 ms · longest 185 ms · quiet before the first word 40 ms
🗣  sentence 9/20 (1760 ms of audio)
   · turn 8 listening
   · turn 8 thinking
   · turn 8 speaking
⏱  turn 8: ① 300 · ② 145 · ③ 505 · ④ 818 · ⑤ 262  →  felt 2029 ms
   · turn 8 completed
   · turn 8 idle
⏸  reply pauses: 0 over 300 ms · longest 185 ms · quiet before the first word 40 ms
🗣  sentence 10/20 (4880 ms of audio)
   · turn 9 listening
   · turn 9 thinking
   · turn 9 speaking
⏱  turn 9: ① 300 · ② 239 · ③ 503 · ④ 930 · ⑤ 266  →  felt 2238 ms
   · turn 9 completed
   · turn 9 idle
⏸  reply pauses: 0 over 300 ms · longest 185 ms · quiet before the first word 40 ms
🗣  sentence 11/20 (1540 ms of audio)
   · turn 10 listening
   · turn 10 thinking
   · turn 10 speaking
⏱  turn 10: ① 300 · ② 144 · ③ 503 · ④ 814 · ⑤ 265  →  felt 2026 ms
   · turn 10 completed
   · turn 10 idle
⏸  reply pauses: 0 over 300 ms · longest 185 ms · quiet before the first word 40 ms
🗣  sentence 12/20 (1220 ms of audio)
   · turn 11 listening
   · turn 11 thinking
   · turn 11 speaking
⏱  turn 11: ① 300 · ② 157 · ③ 501 · ④ 813 · ⑤ 286  →  felt 2057 ms
   · turn 11 completed
   · turn 11 idle
⏸  reply pauses: 0 over 300 ms · longest 185 ms · quiet before the first word 40 ms
🗣  sentence 13/20 (980 ms of audio)
   · turn 12 listening
   · turn 12 idle
🗣  sentence 14/20 (2260 ms of audio) — OVER the answer
   · turn 13 listening
   · turn 13 thinking
   · turn 13 speaking
⏱  turn 13: ① 300 · ② 159 · ③ 506 · ④ 804 · ⑤ 270  →  felt 2039 ms
   · turn 13 completed
   · turn 13 idle
⏸  reply pauses: 0 over 300 ms · longest 185 ms · quiet before the first word 40 ms
🗣  sentence 15/20 (1480 ms of audio)
   · turn 14 listening
   · turn 14 idle
🗣  sentence 16/20 (1320 ms of audio)
   · turn 15 listening
   · turn 15 thinking
   · turn 15 speaking
⏱  turn 15: ① 300 · ② 485 · ③ 504 · ④ 726 · ⑤ 263  →  felt 2278 ms
   · turn 15 completed
   · turn 15 idle
⏸  reply pauses: 0 over 300 ms · longest 185 ms · quiet before the first word 40 ms
🗣  sentence 17/20 (2240 ms of audio)
   · turn 16 listening
   · turn 16 thinking
   · turn 16 speaking
⏱  turn 16: ① 300 · ② 116 · ③ 504 · ④ 827 · ⑤ 277  →  felt 2024 ms
   · turn 16 completed
   · turn 16 idle
⏸  reply pauses: 0 over 300 ms · longest 185 ms · quiet before the first word 40 ms
🗣  sentence 18/20 (920 ms of audio)
   · turn 17 listening
   · turn 17 idle
🗣  sentence 19/20 (1120 ms of audio)
   · turn 18 listening
   · turn 18 thinking
   · turn 18 speaking
⏱  turn 18: ① 300 · ② 141 · ③ 503 · ④ 820 · ⑤ 264  →  felt 2029 ms
   · turn 18 completed
   · turn 18 idle
⏸  reply pauses: 0 over 300 ms · longest 185 ms · quiet before the first word 40 ms
🗣  sentence 20/20 (4480 ms of audio)
   · turn 19 listening
   · turn 19 thinking
   · turn 19 speaking
⏱  turn 19: ① 300 · ② 136 · ③ 503 · ④ 799 · ⑤ 258  →  felt 1996 ms
   · turn 19 completed
   · turn 19 idle
⏸  reply pauses: 0 over 300 ms · longest 185 ms · quiet before the first word 40 ms

(the runtime is down — teardown ran in order)

════ THE TURN TIMELINE — 17 spoken turns, 1 barges ════
  ① silence wait     300 ms (the app's hangover, every turn)
  ② ear finish   median 154 ms · min 116 · max 10696 · n 17
  ③ reply gate   median 503 ms · min 501 · max 506 · n 17
  ④ first token  median 813 ms · min 402 · max 1094 · n 17
  ⑤ first sound  median 270 ms · min 246 · max 842 · n 17
     FELT PAUSE   median 2029 ms · min 1679 · max 12764 · n 17
     quiet before the 1st word  median 40 ms · min 40 · max 40 · n 17
     FELT, TO THE FIRST WORD  median 2069 ms · min 1719 · max 12804 · n 17
  ⑦ barge window  median 600 ms · min 600 · max 600 · n 1
  ⑧ to silence   median 0 ms · min 0 · max 0 · n 1
  ⑥ pauses inside answers: 0 over 300 ms in 17 replies · replies with one or more: 0
  ⑥ longest pause  median 185 ms · min 80 · max 185 · n 17
