voice: Kokoro-82M · float16 · phrases ≤ 120 chars, opening at 20 and 40 · quiet trimmed (margin 40 ms)

🧪 THE SCRIPTED PERSON — Fixtures/ryad-en.wav, 22 sentences, 20 turns, interrupting at [7, 14]
    hangover 300 ms · gate 500 ms · window 600 ms · vad 0.02

🗣  sentence 1/20 (1380 ms of audio)
   · turn 0 listening
   · turn 0 thinking
   · turn 0 speaking
⏱  turn 0: ① 300 · ② 10907 · ③ 504 · ④ 277 · ⑤ 848  →  felt 12836 ms
   · turn 0 completed
   · turn 0 idle
⏸  reply pauses: 0 over 300 ms · longest 185 ms · quiet before the first word 112 ms
🗣  sentence 2/20 (2460 ms of audio)
   · turn 1 listening
   · turn 1 thinking
   · turn 1 speaking
⏱  turn 1: ① 300 · ② 165 · ③ 502 · ④ 384 · ⑤ 275  →  felt 1625 ms
   · turn 1 completed
   · turn 1 idle
⏸  reply pauses: 0 over 300 ms · longest 185 ms · quiet before the first word 139 ms
🗣  sentence 3/20 (1120 ms of audio)
   · turn 2 listening
   · turn 2 thinking
⏱  turn 2: ① 300 · ② 137 · ③ 501 · ④ 509 · ⑤ 244  →  felt 1691 ms
   · turn 2 speaking
   · turn 2 completed
   · turn 2 idle
⏸  reply pauses: 0 over 300 ms · longest 185 ms · quiet before the first word 107 ms
🗣  sentence 4/20 (1180 ms of audio)
   · turn 3 listening
   · turn 3 thinking
   · turn 3 speaking
⏱  turn 3: ① 300 · ② 130 · ③ 504 · ④ 490 · ⑤ 261  →  felt 1685 ms
   · turn 3 completed
   · turn 3 idle
⏸  reply pauses: 0 over 300 ms · longest 185 ms · quiet before the first word 128 ms
🗣  sentence 5/20 (1440 ms of audio)
   · turn 4 listening
   · turn 4 thinking
   · turn 4 speaking
⏱  turn 4: ① 300 · ② 138 · ③ 503 · ④ 604 · ⑤ 257  →  felt 1802 ms
   · turn 4 completed
   · turn 4 idle
⏸  reply pauses: 0 over 300 ms · longest 185 ms · quiet before the first word 128 ms
🗣  sentence 6/20 (2260 ms of audio)
   · turn 5 listening
   · turn 5 thinking
   · turn 5 speaking
⏱  turn 5: ① 300 · ② 131 · ③ 502 · ④ 714 · ⑤ 268  →  felt 1915 ms
🗣  sentence 7/20 (2460 ms of audio) — OVER the answer
   · turn 5 BARGED
✋ barge (turn 5 dies): ⑦ window 600 · ⑧ silence 0  →  600 ms from your first sound
   · turn 6 listening
⏸  reply pauses: 0 over 300 ms · longest 185 ms · quiet before the first word 139 ms
   · turn 6 thinking
   · turn 6 speaking
⏱  turn 6: ① 300 · ② 169 · ③ 505 · ④ 923 · ⑤ 257  →  felt 2155 ms
   · turn 6 completed
   · turn 6 idle
⏸  reply pauses: 0 over 300 ms · longest 185 ms · quiet before the first word 128 ms
🗣  sentence 8/20 (1740 ms of audio)
   · turn 7 listening
   · turn 7 thinking
   · turn 7 speaking
⏱  turn 7: ① 300 · ② 372 · ③ 501 · ④ 912 · ⑤ 334  →  felt 2420 ms
   · turn 7 completed
   · turn 7 idle
⏸  reply pauses: 0 over 300 ms · longest 185 ms · quiet before the first word 103 ms
🗣  sentence 9/20 (1760 ms of audio)
   · turn 8 listening
   · turn 8 thinking
   · turn 8 speaking
⏱  turn 8: ① 300 · ② 153 · ③ 502 · ④ 919 · ⑤ 261  →  felt 2135 ms
   · turn 8 completed
   · turn 8 idle
⏸  reply pauses: 0 over 300 ms · longest 185 ms · quiet before the first word 128 ms
🗣  sentence 10/20 (4880 ms of audio)
   · turn 9 listening
   · turn 9 thinking
   · turn 9 speaking
⏱  turn 9: ① 300 · ② 227 · ③ 504 · ④ 812 · ⑤ 270  →  felt 2112 ms
   · turn 9 completed
   · turn 9 idle
⏸  reply pauses: 0 over 300 ms · longest 185 ms · quiet before the first word 139 ms
🗣  sentence 11/20 (1540 ms of audio)
   · turn 10 listening
   · turn 10 thinking
   · turn 10 speaking
⏱  turn 10: ① 300 · ② 146 · ③ 504 · ④ 820 · ⑤ 271  →  felt 2041 ms
   · turn 10 completed
   · turn 10 idle
⏸  reply pauses: 0 over 300 ms · longest 185 ms · quiet before the first word 139 ms
🗣  sentence 12/20 (1220 ms of audio)
   · turn 11 listening
   · turn 11 thinking
   · turn 11 speaking
⏱  turn 11: ① 300 · ② 126 · ③ 501 · ④ 815 · ⑤ 273  →  felt 2015 ms
   · turn 11 completed
   · turn 11 idle
⏸  reply pauses: 0 over 300 ms · longest 185 ms · quiet before the first word 139 ms
🗣  sentence 13/20 (980 ms of audio)
   · turn 12 listening
   · turn 12 idle
🗣  sentence 14/20 (2260 ms of audio) — OVER the answer
   · turn 13 listening
   · turn 13 thinking
   · turn 13 speaking
⏱  turn 13: ① 300 · ② 169 · ③ 502 · ④ 817 · ⑤ 265  →  felt 2053 ms
   · turn 13 completed
   · turn 13 idle
⏸  reply pauses: 0 over 300 ms · longest 185 ms · quiet before the first word 128 ms
🗣  sentence 15/20 (1480 ms of audio)
   · turn 14 listening
   · turn 14 thinking
   · turn 14 speaking
⏱  turn 14: ① 300 · ② 493 · ③ 503 · ④ 921 · ⑤ 263  →  felt 2480 ms
   · turn 14 completed
   · turn 14 idle
⏸  reply pauses: 0 over 300 ms · longest 185 ms · quiet before the first word 128 ms
🗣  sentence 16/20 (1320 ms of audio)
   · turn 15 listening
   · turn 15 thinking
   · turn 15 speaking
⏱  turn 15: ① 300 · ② 207 · ③ 501 · ④ 809 · ⑤ 261  →  felt 2078 ms
   · turn 15 completed
   · turn 15 idle
⏸  reply pauses: 0 over 300 ms · longest 185 ms · quiet before the first word 128 ms
🗣  sentence 17/20 (2240 ms of audio)
   · turn 16 listening
   · turn 16 thinking
   · turn 16 speaking
⏱  turn 16: ① 300 · ② 170 · ③ 504 · ④ 820 · ⑤ 263  →  felt 2057 ms
   · turn 16 completed
   · turn 16 idle
⏸  reply pauses: 0 over 300 ms · longest 185 ms · quiet before the first word 128 ms
🗣  sentence 18/20 (920 ms of audio)
   · turn 17 listening
   · turn 17 idle
🗣  sentence 19/20 (1120 ms of audio)
   · turn 18 listening
   · turn 18 thinking
   · turn 18 speaking
⏱  turn 18: ① 300 · ② 134 · ③ 503 · ④ 819 · ⑤ 261  →  felt 2017 ms
   · turn 18 completed
   · turn 18 idle
⏸  reply pauses: 0 over 300 ms · longest 185 ms · quiet before the first word 128 ms
🗣  sentence 20/20 (4480 ms of audio)
   · turn 19 listening
   · turn 19 thinking
   · turn 19 speaking
⏱  turn 19: ① 300 · ② 132 · ③ 502 · ④ 914 · ⑤ 265  →  felt 2113 ms
   · turn 19 completed
   · turn 19 idle
⏸  reply pauses: 0 over 300 ms · longest 185 ms · quiet before the first word 128 ms

(the runtime is down — teardown ran in order)

════ THE TURN TIMELINE — 18 spoken turns, 1 barges ════
  ① silence wait     300 ms (the app's hangover, every turn)
  ② ear finish   median 159 ms · min 126 · max 10907 · n 18
  ③ reply gate   median 503 ms · min 501 · max 505 · n 18
  ④ first token  median 816 ms · min 277 · max 923 · n 18
  ⑤ first sound  median 264 ms · min 244 · max 848 · n 18
     FELT PAUSE   median 2055 ms · min 1625 · max 12836 · n 18
     quiet before the 1st word  median 128 ms · min 103 · max 139 · n 18
     FELT, TO THE FIRST WORD  median 2183 ms · min 1764 · max 12948 · n 18
  ⑦ barge window  median 600 ms · min 600 · max 600 · n 1
  ⑧ to silence   median 0 ms · min 0 · max 0 · n 1
  ⑥ pauses inside answers: 0 over 300 ms in 18 replies · replies with one or more: 0
  ⑥ longest pause  median 185 ms · min 185 · max 185 · n 18
