􀟈  Test run started.
􀄵  Testing Library Version: 2084
􀄵  Target Platform: arm64e-apple-macos14.0
􀟈  Suite "§233 · the download bench gives back what it holds" started.
􀟈  Test "stop() returns only once the accept thread has ended" started.
􀟈  Test "a server that has served stops with its accept thread ended before its socket closes" started.
􀟈  Test "a dropped directory watch is freed, and gives back its descriptor" started.
􁁛  Test "a dropped directory watch is freed, and gives back its descriptor" passed after 0.002 seconds.
􁁛  Test "stop() returns only once the accept thread has ended" passed after 0.009 seconds.
􀢄  Test "a server that has served stops with its accept thread ended before its socket closes" recorded an issue at DownloadBenchHygieneTests.swift:52:9: Expectation failed: lateEnds == 0
􀄵  3 of 3 stops closed the socket under a waiting accept thread
􀄵  lateEnds == 0 → false
􀄵    lateEnds → 3
􀢄  Test "a server that has served stops with its accept thread ended before its socket closes" failed after 15.029 seconds with 1 issue.
􀄵  /// The case that matters: a server that has SERVED, so its accept thread
􀄵  /// is back in `accept()`, waiting. On this Mac `shutdown()` does not wake
􀄵  /// that wait — only `close()` does (5d §233, the experiment) — so a stop
􀄵  /// that closes only after the thread has ended must wake it another way.
􀢄  Suite "§233 · the download bench gives back what it holds" failed after 15.030 seconds with 1 issue.
􀢄  Test run with 3 tests in 1 suite failed after 15.030 seconds with 1 issue.
Note: Some test targets reported failures:
  - MultiModalKitTests (Swift Testing)
