# 5b piece 1 — RED: the new AC-303/304 rows against the keeper's skeleton (a fresh session per reply)
# command: swift test --filter AppleSessionTests   (this Mac: macOS 26.6.1, Xcode 27, Swift 6.4; no warnings-as-errors — the Xcode 27 drift)
# full suite at the same commit: 906 tests in 132 suites, the ONLY issues are these 8

Building for debugging...
Build complete! (5.31 sec)
􀟈  Test run started.
􀄵  Testing Library Version: 2084
􀄵  Target Platform: arm64e-apple-macos14.0
􀟈  Suite "AC-303/304 · one session for many turns" started.
􀟈  Test "ten turns, one session (AC-303)" started.
􀢄  Test "ten turns, one session (AC-303)" recorded an issue at AppleSessionTests.swift:44:9: Expectation failed: maker.made.count == 1
􀄵  one full prefill for the conversation, not one per turn
􀄵  maker.made.count == 1 → false
􀄵    maker.made.count → 10
􀢄  Test "ten turns, one session (AC-303)" failed after 0.002 seconds with 1 issue.
􀟈  Test "turn ten sends the model its new words and nothing else (AC-303)" started.
􀢄  Test "turn ten sends the model its new words and nothing else (AC-303)" recorded an issue at AppleSessionTests.swift:54:9: Expectation failed: maker.sessions.count == 1
􀄵  maker.sessions.count == 1 → false
􀄵    maker.sessions.count → 10
􀢄  Test "turn ten sends the model its new words and nothing else (AC-303)" recorded an issue at AppleSessionTests.swift:56:9: Expectation failed: session.asked.map(\.prompt) == (1...10).map { "question \($0)" }
􀄵  each turn asked the SAME session, in order
􀄵  session.asked.map(\.prompt) == (1...10).map { "question \($0)" } → false
􀄵    session.asked.map(\.prompt) → ["question 1"]
􀄵    (1...10).map { "question \($0)" } → ["question 1", "question 2", "question 3", "question 4", "question 5", "question 6", "question 7", "question 8", "question 9", "question 10"]
􀢄  Test "turn ten sends the model its new words and nothing else (AC-303)" recorded an issue at AppleSessionTests.swift:58:9: Expectation failed: session.asked.last?.prompt == "question 10"
􀄵  turn ten: its own words — not the instructions, not the schemas, not the nine turns before
􀄵  session.asked.last?.prompt == "question 10" → false
􀄵    session.asked.last?.prompt → "question 1"
􀄵      some → "question 1"
􀄵      some → "question 10"
􀢄  Test "turn ten sends the model its new words and nothing else (AC-303)" failed after 0.001 seconds with 3 issues.
􀟈  Test "ten turns through the coordinator, on the memory it really keeps: one session (AC-303)" started.
􀢄  Test "ten turns through the coordinator, on the memory it really keeps: one session (AC-303)" recorded an issue at AppleSessionTests.swift:95:9: Expectation failed: maker.made.count == 1
􀄵  the memory the coordinator really keeps lets the session continue
􀄵  maker.made.count == 1 → false
􀄵    maker.made.count → 10
􀢄  Test "ten turns through the coordinator, on the memory it really keeps: one session (AC-303)" recorded an issue at AppleSessionTests.swift:97:9: Expectation failed: maker.sessions.first?.asked.map(\.prompt) == (0..<10).map { "question \($0)" }
􀄵  maker.sessions.first?.asked.map(\.prompt) == (0..<10).map { "question \($0)" } → false
􀄵    maker.sessions.first?.asked.map(\.prompt) → ["question 0"]
􀄵      some → ["question 0"]
􀄵    (0..<10).map { "question \($0)" } → ["question 0", "question 1", "question 2", "question 3", "question 4", "question 5", "question 6", "question 7", "question 8", "question 9"]
􀢄  Test "ten turns through the coordinator, on the memory it really keeps: one session (AC-303)" failed after 0.002 seconds with 2 issues.
􀟈  Test "the instructions and the tools are given once, at the session's birth (AC-304)" started.
􀢄  Test "the instructions and the tools are given once, at the session's birth (AC-304)" recorded an issue at AppleSessionTests.swift:109:9: Expectation failed: maker.made == [FakeSessionMaker.Made(instructions: "speak briefly",
                                                     tools: Self.logWeight, seed: [])]
􀄵  born once, with the instructions, the table, and no past yet
􀄵  maker.made == [FakeSessionMaker.Made(instructions: "speak briefly",
                                                        tools: Self.logWeight, seed: [])] → false
􀄵    maker.made → [MultiModalKitTests.FakeSessionMaker.Made(instructions: Optional("speak briefly"), tools: MultiModalKit.ToolTable(tools: [MultiModalKit.ReplyTool(name: "log_weight", description: "records today\'s weight", parameters: [MultiModalKit.ToolParameter(name: "kg", description: "the weight in kilograms", kind: MultiModalKit.ToolParameter.Kind.number, isRequired: true, range: nil, showsRange: false)], requiresConfirmation: false, body: (Function))]), seed: []), MultiModalKitTests.FakeSessionMaker.Made(instructions: Optional("speak briefly"), tools: MultiModalKit.ToolTable(tools: [MultiModalKit.ReplyTool(name: "log_weight", description: "records today\'s weight", parameters: [MultiModalKit.ToolParameter(name: "kg", description: "the weight in kilograms", kind: MultiModalKit.ToolParameter.Kind.number, isRequired: true, range: nil, showsRange: false)], requiresConfirmation: false, body: (Function))]), seed: [MultiModalKit.ConversationTurn(said: "question 1", replied: "Answer to question 1.", interrupted: false)]), MultiModalKitTests.FakeSessionMaker.Made(instructions: Optional("speak briefly"), tools: MultiModalKit.ToolTable(tools: [MultiModalKit.ReplyTool(name: "log_weight", description: "records today\'s weight", parameters: [MultiModalKit.ToolParameter(name: "kg", description: "the weight in kilograms", kind: MultiModalKit.ToolParameter.Kind.number, isRequired: true, range: nil, showsRange: false)], requiresConfirmation: false, body: (Function))]), seed: [MultiModalKit.ConversationTurn(said: "question 1", replied: "Answer to question 1.", interrupted: false), MultiModalKit.ConversationTurn(said: "question 2", replied: "Answer to question 2.", interrupted: false)]), MultiModalKitTests.FakeSessionMaker.Made(instructions: Optional("speak briefly"), tools: MultiModalKit.ToolTable(tools: [MultiModalKit.ReplyTool(name: "log_weight", description: "records today\'s weight", parameters: [MultiModalKit.ToolParameter(name: "kg", description: "the weight in kilograms", kind: MultiModalKit.ToolParameter.Kind.number, isRequired: true, range: nil, showsRange: false)], requiresConfirmation: false, body: (Function))]), seed: [MultiModalKit.ConversationTurn(said: "question 1", replied: "Answer to question 1.", interrupted: false), MultiModalKit.ConversationTurn(said: "question 2", replied: "Answer to question 2.", interrupted: false), MultiModalKit.ConversationTurn(said: "question 3", replied: "Answer to question 3.", interrupted: false)]), MultiModalKitTests.FakeSessionMaker.Made(instructions: Optional("speak briefly"), tools: MultiModalKit.ToolTable(tools: [MultiModalKit.ReplyTool(name: "log_weight", description: "records today\'s weight", parameters: [MultiModalKit.ToolParameter(name: "kg", description: "the weight in kilograms", kind: MultiModalKit.ToolParameter.Kind.number, isRequired: true, range: nil, showsRange: false)], requiresConfirmation: false, body: (Function))]), seed: [MultiModalKit.ConversationTurn(said: "question 1", replied: "Answer to question 1.", interrupted: false), MultiModalKit.ConversationTurn(said: "question 2", replied: "Answer to question 2.", interrupted: false), MultiModalKit.ConversationTurn(said: "question 3", replied: "Answer to question 3.", interrupted: false), MultiModalKit.ConversationTurn(said: "question 4", replied: "Answer to question 4.", interrupted: false)]), MultiModalKitTests.FakeSessionMaker.Made(instructions: Optional("speak briefly"), tools: MultiModalKit.ToolTable(tools: [MultiModalKit.ReplyTool(name: "log_weight", description: "records today\'s weight", parameters: [MultiModalKit.ToolParameter(name: "kg", description: "the weight in kilograms", kind: MultiModalKit.ToolParameter.Kind.number, isRequired: true, range: nil, showsRange: false)], requiresConfirmation: false, body: (Function))]), seed: [MultiModalKit.ConversationTurn(said: "question 1", replied: "Answer to question 1.", interrupted: false), MultiModalKit.ConversationTurn(said: "question 2", replied: "Answer to question 2.", interrupted: false), MultiModalKit.ConversationTurn(said: "question 3", replied: "Answer to question 3.", interrupted: false), MultiModalKit.ConversationTurn(said: "question 4", replied: "Answer to question 4.", interrupted: false), MultiModalKit.ConversationTurn(said: "question 5", replied: "Answer to question 5.", interrupted: false)]), MultiModalKitTests.FakeSessionMaker.Made(instructions: Optional("speak briefly"), tools: MultiModalKit.ToolTable(tools: [MultiModalKit.ReplyTool(name: "log_weight", description: "records today\'s weight", parameters: [MultiModalKit.ToolParameter(name: "kg", description: "the weight in kilograms", kind: MultiModalKit.ToolParameter.Kind.number, isRequired: true, range: nil, showsRange: false)], requiresConfirmation: false, body: (Function))]), seed: [MultiModalKit.ConversationTurn(said: "question 1", replied: "Answer to question 1.", interrupted: false), MultiModalKit.ConversationTurn(said: "question 2", replied: "Answer to question 2.", interrupted: false), MultiModalKit.ConversationTurn(said: "question 3", replied: "Answer to question 3.", interrupted: false), MultiModalKit.ConversationTurn(said: "question 4", replied: "Answer to question 4.", interrupted: false), MultiModalKit.ConversationTurn(said: "question 5", replied: "Answer to question 5.", interrupted: false), MultiModalKit.ConversationTurn(said: "question 6", replied: "Answer to question 6.", interrupted: false)]), MultiModalKitTests.FakeSessionMaker.Made(instructions: Optional("speak briefly"), tools: MultiModalKit.ToolTable(tools: [MultiModalKit.ReplyTool(name: "log_weight", description: "records today\'s weight", parameters: [MultiModalKit.ToolParameter(name: "kg", description: "the weight in kilograms", kind: MultiModalKit.ToolParameter.Kind.number, isRequired: true, range: nil, showsRange: false)], requiresConfirmation: false, body: (Function))]), seed: [MultiModalKit.ConversationTurn(said: "question 1", replied: "Answer to question 1.", interrupted: false), MultiModalKit.ConversationTurn(said: "question 2", replied: "Answer to question 2.", interrupted: false), MultiModalKit.ConversationTurn(said: "question 3", replied: "Answer to question 3.", interrupted: false), MultiModalKit.ConversationTurn(said: "question 4", replied: "Answer to question 4.", interrupted: false), MultiModalKit.ConversationTurn(said: "question 5", replied: "Answer to question 5.", interrupted: false), MultiModalKit.ConversationTurn(said: "question 6", replied: "Answer to question 6.", interrupted: false), MultiModalKit.ConversationTurn(said: "question 7", replied: "Answer to question 7.", interrupted: false)]), MultiModalKitTests.FakeSessionMaker.Made(instructions: Optional("speak briefly"), tools: MultiModalKit.ToolTable(tools: [MultiModalKit.ReplyTool(name: "log_weight", description: "records today\'s weight", parameters: [MultiModalKit.ToolParameter(name: "kg", description: "the weight in kilograms", kind: MultiModalKit.ToolParameter.Kind.number, isRequired: true, range: nil, showsRange: false)], requiresConfirmation: false, body: (Function))]), seed: [MultiModalKit.ConversationTurn(said: "question 1", replied: "Answer to question 1.", interrupted: false), MultiModalKit.ConversationTurn(said: "question 2", replied: "Answer to question 2.", interrupted: false), MultiModalKit.ConversationTurn(said: "question 3", replied: "Answer to question 3.", interrupted: false), MultiModalKit.ConversationTurn(said: "question 4", replied: "Answer to question 4.", interrupted: false), MultiModalKit.ConversationTurn(said: "question 5", replied: "Answer to question 5.", interrupted: false), MultiModalKit.ConversationTurn(said: "question 6", replied: "Answer to question 6.", interrupted: false), MultiModalKit.ConversationTurn(said: "question 7", replied: "Answer to question 7.", interrupted: false), MultiModalKit.ConversationTurn(said: "question 8", replied: "Answer to question 8.", interrupted: false)]), MultiModalKitTests.FakeSessionMaker.Made(instructions: Optional("speak briefly"), tools: MultiModalKit.ToolTable(tools: [MultiModalKit.ReplyTool(name: "log_weight", description: "records today\'s weight", parameters: [MultiModalKit.ToolParameter(name: "kg", description: "the weight in kilograms", kind: MultiModalKit.ToolParameter.Kind.number, isRequired: true, range: nil, showsRange: false)], requiresConfirmation: false, body: (Function))]), seed: [MultiModalKit.ConversationTurn(said: "question 1", replied: "Answer to question 1.", interrupted: false), MultiModalKit.ConversationTurn(said: "question 2", replied: "Answer to question 2.", interrupted: false), MultiModalKit.ConversationTurn(said: "question 3", replied: "Answer to question 3.", interrupted: false), MultiModalKit.ConversationTurn(said: "question 4", replied: "Answer to question 4.", interrupted: false), MultiModalKit.ConversationTurn(said: "question 5", replied: "Answer to question 5.", interrupted: false), MultiModalKit.ConversationTurn(said: "question 6", replied: "Answer to question 6.", interrupted: false), MultiModalKit.ConversationTurn(said: "question 7", replied: "Answer to question 7.", interrupted: false), MultiModalKit.ConversationTurn(said: "question 8", replied: "Answer to question 8.", interrupted: false), MultiModalKit.ConversationTurn(said: "question 9", replied: "Answer to question 9.", interrupted: false)])]
􀄵    [FakeSessionMaker.Made(instructions: "speak briefly",
                                                          tools: Self.logWeight, seed: [])] → [MultiModalKitTests.FakeSessionMaker.Made(instructions: Optional("speak briefly"), tools: MultiModalKit.ToolTable(tools: [MultiModalKit.ReplyTool(name: "log_weight", description: "records today\'s weight", parameters: [MultiModalKit.ToolParameter(name: "kg", description: "the weight in kilograms", kind: MultiModalKit.ToolParameter.Kind.number, isRequired: true, range: nil, showsRange: false)], requiresConfirmation: false, body: (Function))]), seed: [])]
􀢄  Test "the instructions and the tools are given once, at the session's birth (AC-304)" recorded an issue at AppleSessionTests.swift:116:9: Expectation failed: maker.sessions.first?.asked.count == 10
􀄵  // The table still travels with each answer — for its BODIES, so a
􀄵  // table rebuilt per call runs that call's closures. What the model
􀄵  // is shown was given once: the session never received another
􀄵  // declaration, because it has no door for one.
􀄵  maker.sessions.first?.asked.count == 10 → false
􀄵    maker.sessions.first?.asked.count → 1
􀄵      some → 1
􀄵      some → 10
􀢄  Test "the instructions and the tools are given once, at the session's birth (AC-304)" failed after 0.009 seconds with 2 issues.
􀢄  Suite "AC-303/304 · one session for many turns" failed after 0.015 seconds with 8 issues.
􀢄  Test run with 4 tests in 1 suite failed after 0.015 seconds with 8 issues.
Note: Some test targets reported failures:
  - MultiModalKitTests (Swift Testing)
